# 1 "bazel-out/darwin_arm64-fastbuild/bin/preprocessing/cppo/lexer.ml"
let __ocaml_lex_tables = {
  Lexing.lex_base =
   "\000\000\026\000";
  Lexing.lex_backtrk =
   "\255\255\000\000";
  Lexing.lex_default =
   "\255\255\255\255";
  Lexing.lex_trans =
   "\000\000\000\000\000\000\000\000\000\000\000\000\000\000\000\000\
    \000\000\000\000\000\000\000\000\000\000\000\000\000\000\000\000\
    \000\000\000\000\000\000\000\000\000\000\000\000\000\000\000\000\
    \000\000\000\000\000\000\000\000\000\000\000\000\000\000\000\000\
    \000\000\000\000\000\000\000\000\000\000\000\000\000\000\000\000\
    \000\000\000\000\000\000\000\000\000\000\000\000\000\000\000\000\
    \000\000\000\000\000\000\000\000\000\000\000\000\000\000\000\000\
    \000\000\000\000\000\000\000\000\000\000\000\000\000\000\000\000\
    \000\000\000\000\000\000\000\000\000\000\000\000\000\000\000\000\
    \000\000\000\000\000\000\000\000\000\000\000\000\000\000\000\000\
    \000\000\000\000\000\000\000\000\000\000\000\000\000\000\000\000\
    \000\000\000\000\000\000\000\000\000\000\000\000\000\000\000\000\
    \000\000\001\000\001\000\001\000\001\000\001\000\001\000\001\000\
    \001\000\001\000\001\000\001\000\001\000\001\000\001\000\001\000\
    \001\000\001\000\001\000\001\000\001\000\001\000\001\000\001\000\
    \001\000\001\000\001\000\001\000\001\000\001\000\001\000\001\000\
    \001\000\001\000\001\000\001\000\001\000\001\000\001\000\001\000\
    \001\000\001\000\001\000\001\000\001\000\001\000\001\000\001\000\
    \001\000\001\000\001\000\001\000\001\000\000\000\000\000\000\000\
    \000\000\000\000\000\000\000\000\000\000\000\000\000\000\000\000\
    \000\000\000\000\000\000\000\000\000\000\000\000\000\000\000\000\
    \000\000\000\000\000\000\000\000\000\000\000\000\000\000\000\000\
    \000\000\000\000\000\000\000\000\000\000\000\000\000\000\000\000\
    \000\000\000\000\000\000\000\000\000\000\000\000\000\000\000\000\
    \000\000\000\000\000\000\000\000\000\000\000\000\000\000\000\000\
    \000\000\000\000\000\000\000\000\000\000\000\000\000\000\000\000\
    \000\000\000\000\000\000\000\000\000\000\000\000\000\000\000\000\
    \000\000\000\000\000\000\000\000\000\000\000\000\000\000\000\000\
    \000\000\000\000\000\000\000\000\000\000\000\000\000\000\000\000\
    \000\000\000\000\000\000\000\000\000\000\000\000\000\000\000\000\
    \000\000\000\000\000\000\000\000\000\000\000\000\000\000\000\000\
    \000\000\000\000\000\000\000\000\000\000\000\000\000\000\000\000\
    \000\000\000\000\000\000\000\000\000\000\000\000\000\000\000\000\
    \000\000\000\000\000\000\000\000\000\000\000\000\000\000\000\000\
    \000\000\000\000\000\000\000\000\000\000\000\000\000\000\000\000\
    \000\000\000\000\000\000";
  Lexing.lex_check =
   "\255\255\255\255\255\255\255\255\255\255\255\255\255\255\255\255\
    \255\255\255\255\255\255\255\255\255\255\255\255\255\255\255\255\
    \255\255\255\255\255\255\255\255\255\255\255\255\255\255\255\255\
    \255\255\255\255\255\255\255\255\255\255\255\255\255\255\255\255\
    \255\255\255\255\255\255\255\255\255\255\255\255\255\255\255\255\
    \255\255\255\255\255\255\255\255\255\255\255\255\255\255\255\255\
    \255\255\255\255\255\255\255\255\255\255\255\255\255\255\255\255\
    \255\255\255\255\255\255\255\255\255\255\255\255\255\255\255\255\
    \255\255\255\255\255\255\255\255\255\255\255\255\255\255\255\255\
    \255\255\255\255\255\255\255\255\255\255\255\255\255\255\255\255\
    \255\255\255\255\255\255\255\255\255\255\255\255\255\255\255\255\
    \255\255\255\255\255\255\255\255\255\255\255\255\255\255\255\255\
    \255\255\000\000\000\000\000\000\000\000\000\000\000\000\000\000\
    \000\000\000\000\000\000\000\000\000\000\000\000\000\000\000\000\
    \000\000\000\000\000\000\000\000\000\000\000\000\000\000\000\000\
    \000\000\000\000\000\000\001\000\001\000\001\000\001\000\001\000\
    \001\000\001\000\001\000\001\000\001\000\001\000\001\000\001\000\
    \001\000\001\000\001\000\001\000\001\000\001\000\001\000\001\000\
    \001\000\001\000\001\000\001\000\001\000\255\255\255\255\255\255\
    \255\255\255\255\255\255\255\255\255\255\255\255\255\255\255\255\
    \255\255\255\255\255\255\255\255\255\255\255\255\255\255\255\255\
    \255\255\255\255\255\255\255\255\255\255\255\255\255\255\255\255\
    \255\255\255\255\255\255\255\255\255\255\255\255\255\255\255\255\
    \255\255\255\255\255\255\255\255\255\255\255\255\255\255\255\255\
    \255\255\255\255\255\255\255\255\255\255\255\255\255\255\255\255\
    \255\255\255\255\255\255\255\255\255\255\255\255\255\255\255\255\
    \255\255\255\255\255\255\255\255\255\255\255\255\255\255\255\255\
    \255\255\255\255\255\255\255\255\255\255\255\255\255\255\255\255\
    \255\255\255\255\255\255\255\255\255\255\255\255\255\255\255\255\
    \255\255\255\255\255\255\255\255\255\255\255\255\255\255\255\255\
    \255\255\255\255\255\255\255\255\255\255\255\255\255\255\255\255\
    \255\255\255\255\255\255\255\255\255\255\255\255\255\255\255\255\
    \255\255\255\255\255\255\255\255\255\255\255\255\255\255\255\255\
    \255\255\255\255\255\255\255\255\255\255\255\255\255\255\255\255\
    \255\255\255\255\255\255\255\255\255\255\255\255\255\255\255\255\
    \255\255\255\255\255\255";
  Lexing.lex_base_code =
   "";
  Lexing.lex_backtrk_code =
   "";
  Lexing.lex_default_code =
   "";
  Lexing.lex_trans_code =
   "";
  Lexing.lex_check_code =
   "";
  Lexing.lex_code =
   "";
}

let rec token lexbuf =
   __ocaml_lex_token_rec lexbuf 0
and __ocaml_lex_token_rec lexbuf __ocaml_lex_state =
  match Lexing.engine __ocaml_lex_tables __ocaml_lex_state lexbuf with
      | 0 ->

# 4 "preprocessing/cppo/lexer.mll"
                
# 4 "preprocessing/cppo/lexer.mll"
                ( `String (Lexing.lexeme lexbuf) )

# 104 "bazel-out/darwin_arm64-fastbuild/bin/preprocessing/cppo/lexer.ml"

  
# 105 "bazel-out/darwin_arm64-fastbuild/bin/preprocessing/cppo/lexer.ml"
  | __ocaml_lex_state -> lexbuf.Lexing.refill_buff lexbuf;
      __ocaml_lex_token_rec lexbuf __ocaml_lex_state

;;


# 5 "preprocessing/cppo/lexer.mll"
 
  
# 7 "preprocessing/cppo/lexer.mll"
  let foo () = ()


# 117 "bazel-out/darwin_arm64-fastbuild/bin/preprocessing/cppo/lexer.ml"
